D:/MyDocuments/stm32projects/Klaus/Core/Src/main.c:69:5:_write	4
D:/MyDocuments/stm32projects/Klaus/Core/Src/main.c:97:6:HAL_GPIO_EXTI_Callback	3
D:/MyDocuments/stm32projects/Klaus/Core/Src/main.c:107:6:HAL_TIM_PeriodElapsedCallback	2
D:/MyDocuments/stm32projects/Klaus/Core/Src/main.c:120:5:main	17
D:/MyDocuments/stm32projects/Klaus/Core/Src/main.c:256:6:SystemClock_Config	3
D:/MyDocuments/stm32projects/Klaus/Core/Src/main.c:302:13:MX_I2C1_Init	2
D:/MyDocuments/stm32projects/Klaus/Core/Src/main.c:336:13:MX_TIM2_Init	4
D:/MyDocuments/stm32projects/Klaus/Core/Src/main.c:381:13:MX_USART1_UART_Init	2
D:/MyDocuments/stm32projects/Klaus/Core/Src/main.c:414:13:MX_GPIO_Init	1
D:/MyDocuments/stm32projects/Klaus/Core/Src/main.c:452:6:Error_Handler	1
