D:/MyDocuments/stm32projects/Klaus/Core/Src/main.c:69:5:_write	4
D:/MyDocuments/stm32projects/Klaus/Core/Src/main.c:82:6:haptic_write_byte	2
D:/MyDocuments/stm32projects/Klaus/Core/Src/main.c:89:9:haptic_read_byte	2
D:/MyDocuments/stm32projects/Klaus/Core/Src/main.c:99:6:haptic_autoconfig	1
D:/MyDocuments/stm32projects/Klaus/Core/Src/main.c:128:6:haptic_callibrate	6
D:/MyDocuments/stm32projects/Klaus/Core/Src/main.c:157:6:haptic_init	1
D:/MyDocuments/stm32projects/Klaus/Core/Src/main.c:183:6:haptic_play	6
D:/MyDocuments/stm32projects/Klaus/Core/Src/main.c:220:6:HAL_GPIO_EXTI_Callback	3
D:/MyDocuments/stm32projects/Klaus/Core/Src/main.c:233:5:main	16
D:/MyDocuments/stm32projects/Klaus/Core/Src/main.c:349:6:SystemClock_Config	3
D:/MyDocuments/stm32projects/Klaus/Core/Src/main.c:391:13:MX_I2C1_Init	2
D:/MyDocuments/stm32projects/Klaus/Core/Src/main.c:425:13:MX_USART1_UART_Init	2
D:/MyDocuments/stm32projects/Klaus/Core/Src/main.c:458:13:MX_GPIO_Init	1
D:/MyDocuments/stm32projects/Klaus/Core/Src/main.c:495:6:Error_Handler	1
